// Jest Snapshot v1, https://goo.gl/fbAQLP

exports[`Storyshots ebay-program-badge All program-badge Icons 1`] = `
<DocumentFragment>
  <table>
    <tbody>
      <tr>
        <td>
          authenticityGuaranteed
        </td>
        <td>
          <svg
            aria-hidden="true"
            class="program-badge program-badge--authenticity-guaranteed"
            focusable="false"
            height="24px"
            width="24px"
            xmlns="http://www.w3.org/2000/svg"
          >
            <use
              xlink:href="#program-badge-authenticity-guaranteed"
            />
          </svg>
        </td>
      </tr>
      <tr>
        <td>
          clickToCall
        </td>
        <td>
          <svg
            aria-hidden="true"
            class="program-badge program-badge--click-to-call"
            focusable="false"
            height="24px"
            width="24px"
            xmlns="http://www.w3.org/2000/svg"
          >
            <use
              xlink:href="#program-badge-click-to-call"
            />
          </svg>
        </td>
      </tr>
      <tr>
        <td>
          ebayPlus
        </td>
        <td>
          <svg
            aria-hidden="true"
            class="program-badge program-badge--ebay-plus"
            focusable="false"
            height="24px"
            width="24px"
            xmlns="http://www.w3.org/2000/svg"
          >
            <use
              xlink:href="#program-badge-ebay-plus"
            />
          </svg>
        </td>
      </tr>
      <tr>
        <td>
          escrow
        </td>
        <td>
          <svg
            aria-hidden="true"
            class="program-badge program-badge--escrow"
            focusable="false"
            height="24px"
            width="24px"
            xmlns="http://www.w3.org/2000/svg"
          >
            <use
              xlink:href="#program-badge-escrow"
            />
          </svg>
        </td>
      </tr>
      <tr>
        <td>
          freeWarranty
        </td>
        <td>
          <svg
            aria-hidden="true"
            class="program-badge program-badge--free-warranty"
            focusable="false"
            height="24px"
            width="24px"
            xmlns="http://www.w3.org/2000/svg"
          >
            <use
              xlink:href="#program-badge-free-warranty"
            />
          </svg>
        </td>
      </tr>
      <tr>
        <td>
          moneyBackGuaranteeChf
        </td>
        <td>
          <svg
            aria-hidden="true"
            class="program-badge program-badge--money-back-guarantee-chf"
            focusable="false"
            height="24px"
            width="24px"
            xmlns="http://www.w3.org/2000/svg"
          >
            <use
              xlink:href="#program-badge-money-back-guarantee-chf"
            />
          </svg>
        </td>
      </tr>
      <tr>
        <td>
          moneyBackGuaranteeEu
        </td>
        <td>
          <svg
            aria-hidden="true"
            class="program-badge program-badge--money-back-guarantee-eu"
            focusable="false"
            height="24px"
            width="24px"
            xmlns="http://www.w3.org/2000/svg"
          >
            <use
              xlink:href="#program-badge-money-back-guarantee-eu"
            />
          </svg>
        </td>
      </tr>
      <tr>
        <td>
          moneyBackGuaranteeUk
        </td>
        <td>
          <svg
            aria-hidden="true"
            class="program-badge program-badge--money-back-guarantee-uk"
            focusable="false"
            height="24px"
            width="24px"
            xmlns="http://www.w3.org/2000/svg"
          >
            <use
              xlink:href="#program-badge-money-back-guarantee-uk"
            />
          </svg>
        </td>
      </tr>
      <tr>
        <td>
          moneyBackGuaranteeUs
        </td>
        <td>
          <svg
            aria-hidden="true"
            class="program-badge program-badge--money-back-guarantee-us"
            focusable="false"
            height="24px"
            width="24px"
            xmlns="http://www.w3.org/2000/svg"
          >
            <use
              xlink:href="#program-badge-money-back-guarantee-us"
            />
          </svg>
        </td>
      </tr>
      <tr>
        <td>
          moneyBackGuaranteeZl
        </td>
        <td>
          <svg
            aria-hidden="true"
            class="program-badge program-badge--money-back-guarantee-zl"
            focusable="false"
            height="24px"
            width="24px"
            xmlns="http://www.w3.org/2000/svg"
          >
            <use
              xlink:href="#program-badge-money-back-guarantee-zl"
            />
          </svg>
        </td>
      </tr>
      <tr>
        <td>
          topRatedSeller
        </td>
        <td>
          <svg
            aria-hidden="true"
            class="program-badge program-badge--top-rated-seller"
            focusable="false"
            height="24px"
            width="24px"
            xmlns="http://www.w3.org/2000/svg"
          >
            <use
              xlink:href="#program-badge-top-rated-seller"
            />
          </svg>
        </td>
      </tr>
      <tr>
        <td>
          vault
        </td>
        <td>
          <svg
            aria-hidden="true"
            class="program-badge program-badge--vault"
            focusable="false"
            height="24px"
            width="24px"
            xmlns="http://www.w3.org/2000/svg"
          >
            <use
              xlink:href="#program-badge-vault"
            />
          </svg>
        </td>
      </tr>
    </tbody>
  </table>
</DocumentFragment>
`;
