// Jest Snapshot v1, https://goo.gl/fbAQLP

exports[`Storyshots ebay-carousel Default 1`] = `
<DocumentFragment>
  <div
    class="carousel"
  >
    <div
      class="carousel__container"
    >
      <button
        aria-label="Previous Slide"
        class="carousel__control carousel__control--prev"
      >
        <svg
          aria-hidden="true"
          class="icon icon--carousel-prev icon icon--carousel-prev"
          focusable="false"
          height="24px"
          width="24px"
          xmlns="http://www.w3.org/2000/svg"
        >
          <use
            xlink:href="#icon-carousel-prev"
          />
        </svg>
      </button>
      <div
        class="carousel__viewport carousel__viewport--mask"
      >
        <ul
          class="carousel__list"
        >
          <li
            class="carousel__snap-point demo-card"
            style="color: rgb(10, 28, 107); background: rgb(194, 245, 255); font-size: 24px; font-weight: bold; width: 200px; height: 120px; line-height: 120px; text-align: center; margin-right: 16px;"
          >
            Item 1
          </li>
          <li
            class="carousel__snap-point demo-card"
            style="color: rgb(10, 28, 107); background: rgb(194, 245, 255); font-size: 24px; font-weight: bold; width: 200px; height: 120px; line-height: 120px; text-align: center; margin-right: 16px;"
          >
            Item 2
          </li>
          <li
            class="carousel__snap-point demo-card"
            style="color: rgb(10, 28, 107); background: rgb(194, 245, 255); font-size: 24px; font-weight: bold; width: 200px; height: 120px; line-height: 120px; text-align: center; margin-right: 16px;"
          >
            Item 3
          </li>
          <li
            class="carousel__snap-point demo-card"
            style="color: rgb(10, 28, 107); background: rgb(194, 245, 255); font-size: 24px; font-weight: bold; width: 200px; height: 120px; line-height: 120px; text-align: center; margin-right: 16px;"
          >
            Item 4
          </li>
          <li
            class="carousel__snap-point demo-card"
            style="color: rgb(10, 28, 107); background: rgb(194, 245, 255); font-size: 24px; font-weight: bold; width: 200px; height: 120px; line-height: 120px; text-align: center; margin-right: 16px;"
          >
            Item 5
          </li>
          <li
            class="carousel__snap-point demo-card"
            style="color: rgb(10, 28, 107); background: rgb(194, 245, 255); font-size: 24px; font-weight: bold; width: 200px; height: 120px; line-height: 120px; text-align: center; margin-right: 16px;"
          >
            Item 6
          </li>
          <li
            class="carousel__snap-point demo-card"
            style="color: rgb(10, 28, 107); background: rgb(194, 245, 255); font-size: 24px; font-weight: bold; width: 200px; height: 120px; line-height: 120px; text-align: center; margin-right: 16px;"
          >
            Item 7
          </li>
          <li
            class="carousel__snap-point demo-card"
            style="color: rgb(10, 28, 107); background: rgb(194, 245, 255); font-size: 24px; font-weight: bold; width: 200px; height: 120px; line-height: 120px; text-align: center; margin-right: 16px;"
          >
            Item 8
          </li>
          <li
            class="carousel__snap-point demo-card"
            style="color: rgb(10, 28, 107); background: rgb(194, 245, 255); font-size: 24px; font-weight: bold; width: 200px; height: 120px; line-height: 120px; text-align: center; margin-right: 16px;"
          >
            Item 9
          </li>
          <li
            class="carousel__snap-point demo-card"
            style="color: rgb(10, 28, 107); background: rgb(194, 245, 255); font-size: 24px; font-weight: bold; width: 200px; height: 120px; line-height: 120px; text-align: center; margin-right: 16px;"
          >
            Item 10
          </li>
        </ul>
      </div>
      <button
        aria-label="Next Slide"
        class="carousel__control carousel__control--next"
      >
        <svg
          aria-hidden="true"
          class="icon icon--carousel-next icon icon--carousel-next"
          focusable="false"
          height="24px"
          width="24px"
          xmlns="http://www.w3.org/2000/svg"
        >
          <use
            xlink:href="#icon-carousel-next"
          />
        </svg>
      </button>
    </div>
  </div>
</DocumentFragment>
`;
