// Jest Snapshot v1, https://goo.gl/fbAQLP

exports[`<EbayFilePreviewCardGroup> render renders with less than 15 cards 1`] = `
<DocumentFragment>
  <div
    class="file-preview-card-group"
  >
    <ul>
      <li
        class="file-preview-card"
      >
        <div
          class="file-preview-card__body"
        >
          <img
            alt="file-name.jpg"
            class="file-preview-card__asset"
            src="https://ir.ebaystatic.com/cr/v/c01/skin/docs/tb-real-square-pic.jpg"
          />
          <button
            class="file-preview-card__action icon-btn"
            type="button"
          >
            <svg
              aria-hidden="true"
              class="icon icon--16"
              focusable="false"
              xmlns="http://www.w3.org/2000/svg"
            >
              <use
                xlink:href="#icon-delete-16"
              />
            </svg>
          </button>
        </div>
      </li>
      <li
        class="file-preview-card"
      >
        <div
          class="file-preview-card__body"
        >
          <img
            alt="file-name.jpg"
            class="file-preview-card__asset"
            src="https://ir.ebaystatic.com/cr/v/c01/skin/docs/tb-real-square-pic.jpg"
          />
          <button
            class="file-preview-card__action icon-btn"
            type="button"
          >
            <svg
              aria-hidden="true"
              class="icon icon--16"
              focusable="false"
              xmlns="http://www.w3.org/2000/svg"
            >
              <use
                xlink:href="#icon-delete-16"
              />
            </svg>
          </button>
        </div>
      </li>
      <li
        class="file-preview-card"
      >
        <div
          class="file-preview-card__body"
        >
          <img
            alt="file-name.jpg"
            class="file-preview-card__asset"
            src="https://ir.ebaystatic.com/cr/v/c01/skin/docs/tb-real-square-pic.jpg"
          />
          <button
            class="file-preview-card__action icon-btn"
            type="button"
          >
            <svg
              aria-hidden="true"
              class="icon icon--16"
              focusable="false"
              xmlns="http://www.w3.org/2000/svg"
            >
              <use
                xlink:href="#icon-delete-16"
              />
            </svg>
          </button>
        </div>
      </li>
    </ul>
  </div>
</DocumentFragment>
`;

exports[`<EbayFilePreviewCardGroup> render renders with more than 15 cards 1`] = `
<DocumentFragment>
  <div
    class="file-preview-card-group"
  >
    <ul>
      <li
        class="file-preview-card"
      >
        <div
          class="file-preview-card__body"
        >
          <img
            alt="file-name.jpg"
            class="file-preview-card__asset"
            src="https://ir.ebaystatic.com/cr/v/c01/skin/docs/tb-real-square-pic.jpg"
          />
          <button
            class="file-preview-card__action icon-btn"
            type="button"
          >
            <svg
              aria-hidden="true"
              class="icon icon--16"
              focusable="false"
              xmlns="http://www.w3.org/2000/svg"
            >
              <use
                xlink:href="#icon-delete-16"
              />
            </svg>
          </button>
        </div>
      </li>
      <li
        class="file-preview-card"
      >
        <div
          class="file-preview-card__body"
        >
          <img
            alt="file-name.jpg"
            class="file-preview-card__asset"
            src="https://ir.ebaystatic.com/cr/v/c01/skin/docs/tb-real-square-pic.jpg"
          />
          <button
            class="file-preview-card__action icon-btn"
            type="button"
          >
            <svg
              aria-hidden="true"
              class="icon icon--16"
              focusable="false"
              xmlns="http://www.w3.org/2000/svg"
            >
              <use
                xlink:href="#icon-delete-16"
              />
            </svg>
          </button>
        </div>
      </li>
      <li
        class="file-preview-card"
      >
        <div
          class="file-preview-card__body"
        >
          <img
            alt="file-name.jpg"
            class="file-preview-card__asset"
            src="https://ir.ebaystatic.com/cr/v/c01/skin/docs/tb-real-square-pic.jpg"
          />
          <button
            class="file-preview-card__action icon-btn"
            type="button"
          >
            <svg
              aria-hidden="true"
              class="icon icon--16"
              focusable="false"
              xmlns="http://www.w3.org/2000/svg"
            >
              <use
                xlink:href="#icon-delete-16"
              />
            </svg>
          </button>
        </div>
      </li>
      <li
        class="file-preview-card"
      >
        <div
          class="file-preview-card__body"
        >
          <img
            alt="file-name.jpg"
            class="file-preview-card__asset"
            src="https://ir.ebaystatic.com/cr/v/c01/skin/docs/tb-real-square-pic.jpg"
          />
          <button
            class="file-preview-card__action icon-btn"
            type="button"
          >
            <svg
              aria-hidden="true"
              class="icon icon--16"
              focusable="false"
              xmlns="http://www.w3.org/2000/svg"
            >
              <use
                xlink:href="#icon-delete-16"
              />
            </svg>
          </button>
        </div>
      </li>
      <li
        class="file-preview-card"
      >
        <div
          class="file-preview-card__body"
        >
          <img
            alt="file-name.jpg"
            class="file-preview-card__asset"
            src="https://ir.ebaystatic.com/cr/v/c01/skin/docs/tb-real-square-pic.jpg"
          />
          <button
            class="file-preview-card__action icon-btn"
            type="button"
          >
            <svg
              aria-hidden="true"
              class="icon icon--16"
              focusable="false"
              xmlns="http://www.w3.org/2000/svg"
            >
              <use
                xlink:href="#icon-delete-16"
              />
            </svg>
          </button>
        </div>
      </li>
      <li
        class="file-preview-card"
      >
        <div
          class="file-preview-card__body"
        >
          <img
            alt="file-name.jpg"
            class="file-preview-card__asset"
            src="https://ir.ebaystatic.com/cr/v/c01/skin/docs/tb-real-square-pic.jpg"
          />
          <button
            class="file-preview-card__action icon-btn"
            type="button"
          >
            <svg
              aria-hidden="true"
              class="icon icon--16"
              focusable="false"
              xmlns="http://www.w3.org/2000/svg"
            >
              <use
                xlink:href="#icon-delete-16"
              />
            </svg>
          </button>
        </div>
      </li>
      <li
        class="file-preview-card"
      >
        <div
          class="file-preview-card__body"
        >
          <img
            alt="file-name.jpg"
            class="file-preview-card__asset"
            src="https://ir.ebaystatic.com/cr/v/c01/skin/docs/tb-real-square-pic.jpg"
          />
          <button
            class="file-preview-card__action icon-btn"
            type="button"
          >
            <svg
              aria-hidden="true"
              class="icon icon--16"
              focusable="false"
              xmlns="http://www.w3.org/2000/svg"
            >
              <use
                xlink:href="#icon-delete-16"
              />
            </svg>
          </button>
        </div>
      </li>
      <li
        class="file-preview-card"
      >
        <div
          class="file-preview-card__body"
        >
          <img
            alt="file-name.jpg"
            class="file-preview-card__asset"
            src="https://ir.ebaystatic.com/cr/v/c01/skin/docs/tb-real-square-pic.jpg"
          />
          <button
            class="file-preview-card__action icon-btn"
            type="button"
          >
            <svg
              aria-hidden="true"
              class="icon icon--16"
              focusable="false"
              xmlns="http://www.w3.org/2000/svg"
            >
              <use
                xlink:href="#icon-delete-16"
              />
            </svg>
          </button>
        </div>
      </li>
      <li
        class="file-preview-card"
      >
        <div
          class="file-preview-card__body"
        >
          <img
            alt="file-name.jpg"
            class="file-preview-card__asset"
            src="https://ir.ebaystatic.com/cr/v/c01/skin/docs/tb-real-square-pic.jpg"
          />
          <button
            class="file-preview-card__action icon-btn"
            type="button"
          >
            <svg
              aria-hidden="true"
              class="icon icon--16"
              focusable="false"
              xmlns="http://www.w3.org/2000/svg"
            >
              <use
                xlink:href="#icon-delete-16"
              />
            </svg>
          </button>
        </div>
      </li>
      <li
        class="file-preview-card"
      >
        <div
          class="file-preview-card__body"
        >
          <img
            alt="file-name.jpg"
            class="file-preview-card__asset"
            src="https://ir.ebaystatic.com/cr/v/c01/skin/docs/tb-real-square-pic.jpg"
          />
          <button
            class="file-preview-card__action icon-btn"
            type="button"
          >
            <svg
              aria-hidden="true"
              class="icon icon--16"
              focusable="false"
              xmlns="http://www.w3.org/2000/svg"
            >
              <use
                xlink:href="#icon-delete-16"
              />
            </svg>
          </button>
        </div>
      </li>
      <li
        class="file-preview-card"
      >
        <div
          class="file-preview-card__body"
        >
          <img
            alt="file-name.jpg"
            class="file-preview-card__asset"
            src="https://ir.ebaystatic.com/cr/v/c01/skin/docs/tb-real-square-pic.jpg"
          />
          <button
            class="file-preview-card__action icon-btn"
            type="button"
          >
            <svg
              aria-hidden="true"
              class="icon icon--16"
              focusable="false"
              xmlns="http://www.w3.org/2000/svg"
            >
              <use
                xlink:href="#icon-delete-16"
              />
            </svg>
          </button>
        </div>
      </li>
      <li
        class="file-preview-card"
      >
        <div
          class="file-preview-card__body"
        >
          <img
            alt="file-name.jpg"
            class="file-preview-card__asset"
            src="https://ir.ebaystatic.com/cr/v/c01/skin/docs/tb-real-square-pic.jpg"
          />
          <button
            class="file-preview-card__action icon-btn"
            type="button"
          >
            <svg
              aria-hidden="true"
              class="icon icon--16"
              focusable="false"
              xmlns="http://www.w3.org/2000/svg"
            >
              <use
                xlink:href="#icon-delete-16"
              />
            </svg>
          </button>
        </div>
      </li>
      <li
        class="file-preview-card"
      >
        <div
          class="file-preview-card__body"
        >
          <img
            alt="file-name.jpg"
            class="file-preview-card__asset"
            src="https://ir.ebaystatic.com/cr/v/c01/skin/docs/tb-real-square-pic.jpg"
          />
          <button
            class="file-preview-card__action icon-btn"
            type="button"
          >
            <svg
              aria-hidden="true"
              class="icon icon--16"
              focusable="false"
              xmlns="http://www.w3.org/2000/svg"
            >
              <use
                xlink:href="#icon-delete-16"
              />
            </svg>
          </button>
        </div>
      </li>
      <li
        class="file-preview-card"
      >
        <div
          class="file-preview-card__body"
        >
          <img
            alt="file-name.jpg"
            class="file-preview-card__asset"
            src="https://ir.ebaystatic.com/cr/v/c01/skin/docs/tb-real-square-pic.jpg"
          />
          <button
            class="file-preview-card__action icon-btn"
            type="button"
          >
            <svg
              aria-hidden="true"
              class="icon icon--16"
              focusable="false"
              xmlns="http://www.w3.org/2000/svg"
            >
              <use
                xlink:href="#icon-delete-16"
              />
            </svg>
          </button>
        </div>
      </li>
      <li
        class="file-preview-card"
      >
        <div
          class="file-preview-card__body"
        >
          <img
            alt="file-name.jpg"
            class="file-preview-card__asset"
            src="https://ir.ebaystatic.com/cr/v/c01/skin/docs/tb-real-square-pic.jpg"
          />
          <button
            class="file-preview-card__action icon-btn"
            type="button"
          >
            <svg
              aria-hidden="true"
              class="icon icon--16"
              focusable="false"
              xmlns="http://www.w3.org/2000/svg"
            >
              <use
                xlink:href="#icon-delete-16"
              />
            </svg>
          </button>
        </div>
      </li>
      <li
        class="file-preview-card"
      >
        <div
          class="file-preview-card__body"
        >
          <img
            alt="file-name.jpg"
            class="file-preview-card__asset file-preview-card__asset--fade"
            src="https://ir.ebaystatic.com/cr/v/c01/skin/docs/tb-real-square-pic.jpg"
          />
          <button
            class="file-preview-card__see-more"
            type="button"
          >
            <span>
              +5
            </span>
          </button>
        </div>
      </li>
    </ul>
  </div>
</DocumentFragment>
`;
